SHAPES


.o..
.o..
.o..
.o..

...
.oo
.oo

ooo
.o.
...

ooo
..o
...

..o
ooo
...

.oo
oo.
...

oo.
.oo
...


