SHAPES


. o . . 
. o . . 
. o . . 
. o . . 

. . . 
. o o 
. o o 

o o o 
. o . 
. . . 

o o o 
. . o 
. . . 

. . o 
o o o 
. . . 

. o o 
o o . 
. . . 

o o . 
. o o 
. . . 


